[Device] Selected CUDA device 0 (mem_used=18 MiB, util=0%)
  [Split] 按当前配置刷新 split.json

============================================================
数据划分摘要
============================================================
  已知产品 (8): ['H88', 'H99', 'HRJ', 'HRY', 'HYX', 'HYZ', 'RJD', 'YJD']
  留出产品 (2): ['HMD', 'XCJ']  → Setting B/C
  排除产品 (3): ['HDC', 'HRL', 'HV8']  (样本不足)
  训练批次 (28): ['20240304', '20240308', '20240312', '20240319', '20240325', '20240403', '20250310', '20250317', '20250326', '20250331', '20250411', '20250417', '20250423', '20250516', '20250519', '20250527', '20250606', '20250619', '20250624', '20250724', '20250808', '20250815', '20250821', '20250828', '20250926', '20260302', '20260306', '20260313']
  伪验证批次 (2): ['20250828', '20250926']  → 训练早停选模
  实训批次 (26): ['20240304', '20240308', '20240312', '20240319', '20240325', '20240403', '20250310', '20250317', '20250326', '20250331', '20250411', '20250417', '20250423', '20250516', '20250519', '20250527', '20250606', '20250619', '20250624', '20250724', '20250808', '20250815', '20250821', '20260302', '20260306', '20260313']
  留出批次 (3): ['20250905', '20250912', '20250920']  → Setting A

  训练集:
    产品数量: 8
    批次数量: 26
    产品分布: {'HYZ': 710, 'H88': 489, 'YJD': 312, 'H99': 253, 'HRJ': 206, 'HRY': 135, 'RJD': 41, 'HYX': 22}
    批次分布: {20250724: 342, 20260306: 169, 20250808: 136, 20260302: 107, 20250310: 100, 20250417: 98, 20240308: 96, 20250606: 94, 20250516: 90, 20250619: 88, 20250821: 84, 20250519: 81, 20240312: 79, 20250411: 78, 20240319: 76, 20250815: 66, 20250317: 65, 20250326: 59, 20250624: 58, 20240325: 44, 20240304: 42, 20260313: 38, 20250527: 36, 20250331: 20, 20250423: 12, 20240403: 10}

  验证集:
    产品数量: 6
    批次数量: 2
    产品分布: {'HYZ': 76, 'H88': 21, 'YJD': 13, 'RJD': 11, 'H99': 9, 'HRJ': 3}
    批次分布: {20250828: 94, 20250926: 39}

  Setting A 测试集:
    产品数量: 7
    批次数量: 3
    产品分布: {'HYZ': 177, 'H88': 63, 'RJD': 35, 'YJD': 31, 'H99': 27, 'HRY': 2, 'HYX': 1}
    批次分布: {20250920: 134, 20250905: 133, 20250912: 69}

  Setting B/C 测试集:
    产品数量: 2
    批次数量: 19
    产品分布: {'HMD': 68, 'XCJ': 65}
    批次分布: {20240325: 22, 20250724: 17, 20250905: 15, 20250920: 14, 20250808: 13, 20240319: 10, 20250828: 8, 20250821: 6, 20250912: 5, 20250926: 4, 20250624: 3, 20250527: 3, 20250417: 3, 20250606: 2, 20250619: 2, 20250516: 2, 20250326: 2, 20250815: 1, 20260313: 1}

  训练集: 2168 样本
  验证集: 133 样本  (训练监控)
  Setting A 测试: 336 样本  (已知产品 × 留出批次)
  Setting B/C 测试: 133 样本  (留出产品 × 全部批次)
  排除样本: 34 (产品样本不足)
  总计: 2804

============================================================
训练单一模型, device = cuda:0
============================================================
  已知产品: ['H88', 'H99', 'HRJ', 'HRY', 'HYX', 'HYZ', 'RJD', 'YJD']
  留出产品: ['HMD', 'XCJ']  (Setting B/C)
  留出批次: ['20250905', '20250912', '20250920']  (Setting A)
  伪验证批次: ['20250828', '20250926'] (训练早停选模)
  [Input PCA] 检测到 prepared_data 已预先分解, 直接使用落盘 tensor (rt_bins=1024, n_components=239)
  训练: 2168 样本, 验证: 133 样本
  产品数: 8, 批次数: 28
  DataLoader: workers=4, pin_memory=True, prefetch_factor=2
  TIC branch: enabled, dim=64, encoder=cnn1d, fusion=concat
  Epoch 1/100  supcon=3.475 cls=2.073 adv=3.370 proto=0.942 hardpair=0.088 total=5.548
  Epoch 2/100  supcon=3.144 cls=1.620 adv=3.366 proto=0.884 hardpair=0.090 total=4.930
  Epoch 3/100  supcon=2.576 cls=1.119 adv=3.364 proto=0.793 hardpair=0.089 total=4.018
  Epoch 4/100  supcon=2.177 cls=0.809 adv=3.364 proto=0.731 hardpair=0.098 total=3.400
  Epoch 5/100  supcon=2.078 cls=0.678 adv=3.368 proto=0.712 hardpair=0.091 total=3.216
  Epoch 6/100  supcon=1.948 cls=0.545 adv=3.358 proto=0.688 hardpair=0.068 total=2.994
  Epoch 7/100  supcon=1.853 cls=0.445 adv=3.369 proto=0.679 hardpair=0.052 total=2.838
  Epoch 8/100  supcon=1.726 cls=0.369 adv=3.365 proto=0.666 hardpair=0.033 total=2.659
  Epoch 9/100  supcon=1.662 cls=0.312 adv=3.365 proto=0.671 hardpair=0.031 total=2.571
  Epoch 10/100  supcon=1.614 cls=0.267 adv=3.369 proto=0.658 hardpair=0.024 total=2.488
    -> validating: build subset prototypes ...
    -> val_acc=0.617, train_pa=0.944, val_auroc=0.547, val_metric=0.644 (best=0.644, proto=subset)
       per_class: H88=1.00 H99=0.78 HRJ=1.00 HYZ=0.58 RJD=0.18 YJD=0.38
       radii:     H88=raw0.406/sph0.194 H99=raw0.484/sph0.352 HRJ=raw0.469/sph0.264 HRY=raw0.473/sph0.217 HYX=raw0.115/sph0.106 HYZ=raw0.693/sph0.482 RJD=raw0.481/sph0.471 YJD=raw0.598/sph0.314
       confusion (row=true, col=pred):
                H88   H99   HRJ   HRY   HYX   HYZ   RJD   YJD
          H88 [   21     0     0     0     0     0     0     0]
          H99 [    1     7     0     0     0     1     0     0]
          HRJ [    0     0     3     0     0     0     0     0]
          HRY [    0     0     0     0     0     0     0     0]
          HYX [    0     0     0     0     0     0     0     0]
          HYZ [   29     3     0     0     0    44     0     0]
          RJD [    7     0     0     0     0     0     2     2]
          YJD [    7     0     0     0     0     0     1     5]
  Epoch 11/100  supcon=1.629 cls=0.257 adv=3.367 proto=0.637 hardpair=0.027 total=2.475
  Epoch 12/100  supcon=1.581 cls=0.234 adv=3.372 proto=0.641 hardpair=0.028 total=2.420
  Epoch 13/100  supcon=1.573 cls=0.211 adv=3.371 proto=0.644 hardpair=0.031 total=2.400
  Epoch 14/100  supcon=1.524 cls=0.186 adv=3.373 proto=0.645 hardpair=0.023 total=2.339
  Epoch 15/100  supcon=1.521 cls=0.172 adv=3.370 proto=0.644 hardpair=0.029 total=2.328
  Epoch 16/100  supcon=1.517 cls=0.161 adv=3.361 proto=0.640 hardpair=0.018 total=2.313
  Epoch 17/100  supcon=1.479 cls=0.151 adv=3.371 proto=0.627 hardpair=0.019 total=2.256
  Epoch 18/100  supcon=1.484 cls=0.131 adv=3.369 proto=0.615 hardpair=0.019 total=2.238
  Epoch 19/100  supcon=1.483 cls=0.144 adv=3.372 proto=0.624 hardpair=0.023 total=2.252
  Epoch 20/100  supcon=1.490 cls=0.144 adv=3.368 proto=0.624 hardpair=0.019 total=2.258
    -> validating: build subset prototypes ...
    -> val_acc=0.684, train_pa=0.979, val_auroc=0.538, val_metric=0.711 (best=0.711, proto=subset)
       per_class: H88=0.90 H99=0.78 HRJ=1.00 HYZ=0.64 RJD=0.36 YJD=0.69
       radii:     H88=raw0.360/sph0.198 H99=raw0.424/sph0.274 HRJ=raw0.288/sph0.201 HRY=raw0.290/sph0.117 HYX=raw0.108/sph0.079 HYZ=raw0.528/sph0.336 RJD=raw0.263/sph0.209 YJD=raw0.614/sph0.493
       confusion (row=true, col=pred):
                H88   H99   HRJ   HRY   HYX   HYZ   RJD   YJD
          H88 [   19     0     0     0     0     0     0     2]
          H99 [    0     7     0     0     0     1     0     1]
          HRJ [    0     0     3     0     0     0     0     0]
          HRY [    0     0     0     0     0     0     0     0]
          HYX [    0     0     0     0     0     0     0     0]
          HYZ [   27     0     0     0     0    49     0     0]
          RJD [    5     0     0     0     0     0     4     2]
          YJD [    4     0     0     0     0     0     0     9]
  Epoch 21/100  supcon=1.491 cls=0.139 adv=3.366 proto=0.614 hardpair=0.019 total=2.245
  Epoch 22/100  supcon=1.492 cls=0.134 adv=3.368 proto=0.612 hardpair=0.016 total=2.241
  Epoch 23/100  supcon=1.431 cls=0.102 adv=3.371 proto=0.610 hardpair=0.019 total=2.161
  Epoch 24/100  supcon=1.438 cls=0.113 adv=3.367 proto=0.613 hardpair=0.021 total=2.177
  Epoch 25/100  supcon=1.425 cls=0.108 adv=3.369 proto=0.620 hardpair=0.018 total=2.166
  Epoch 26/100  supcon=1.419 cls=0.103 adv=3.367 proto=0.620 hardpair=0.012 total=2.157
  Epoch 27/100  supcon=1.469 cls=0.118 adv=3.367 proto=0.611 hardpair=0.015 total=2.207
  Epoch 28/100  supcon=1.430 cls=0.096 adv=3.360 proto=0.611 hardpair=0.014 total=2.155
  Epoch 29/100  supcon=1.418 cls=0.105 adv=3.363 proto=0.618 hardpair=0.017 total=2.154
  Epoch 30/100  supcon=1.435 cls=0.100 adv=3.372 proto=0.615 hardpair=0.019 total=2.166
    -> validating: build full prototypes ...
    -> val_acc=0.677, train_pa=0.981, val_auroc=0.557, val_metric=0.705 (best=0.711, proto=full)
       per_class: H88=1.00 H99=0.78 HRJ=1.00 HYZ=0.64 RJD=0.09 YJD=0.69
       radii:     H88=raw0.279/sph0.145 H99=raw0.382/sph0.235 HRJ=raw0.273/sph0.176 HRY=raw0.303/sph0.124 HYX=raw0.122/sph0.072 HYZ=raw0.373/sph0.235 RJD=raw0.217/sph0.194 YJD=raw0.511/sph0.396
       confusion (row=true, col=pred):
                H88   H99   HRJ   HRY   HYX   HYZ   RJD   YJD
          H88 [   21     0     0     0     0     0     0     0]
          H99 [    1     7     0     0     0     1     0     0]
          HRJ [    0     0     3     0     0     0     0     0]
          HRY [    0     0     0     0     0     0     0     0]
          HYX [    0     0     0     0     0     0     0     0]
          HYZ [   27     0     0     0     0    49     0     0]
          RJD [    5     0     0     0     0     0     1     5]
          YJD [    4     0     0     0     0     0     0     9]
  Epoch 31/100  supcon=1.444 cls=0.106 adv=3.360 proto=0.608 hardpair=0.014 total=2.170
  Epoch 32/100  supcon=1.423 cls=0.089 adv=3.363 proto=0.599 hardpair=0.014 total=2.130
  Epoch 33/100  supcon=1.400 cls=0.085 adv=3.367 proto=0.604 hardpair=0.016 total=2.111
  Epoch 34/100  supcon=1.403 cls=0.086 adv=3.371 proto=0.601 hardpair=0.021 total=2.112
  Epoch 35/100  supcon=1.419 cls=0.088 adv=3.368 proto=0.605 hardpair=0.014 total=2.132
  Epoch 36/100  supcon=1.394 cls=0.081 adv=3.364 proto=0.596 hardpair=0.013 total=2.094
  Epoch 37/100  supcon=1.389 cls=0.078 adv=3.372 proto=0.594 hardpair=0.013 total=2.085
  Epoch 38/100  supcon=1.384 cls=0.073 adv=3.366 proto=0.598 hardpair=0.013 total=2.082
  Epoch 39/100  supcon=1.364 cls=0.071 adv=3.363 proto=0.606 hardpair=0.011 total=2.070
  Epoch 40/100  supcon=1.395 cls=0.075 adv=3.374 proto=0.603 hardpair=0.015 total=2.100
    -> validating: build subset prototypes ...
    -> val_acc=0.669, train_pa=0.987, val_auroc=0.527, val_metric=0.696 (best=0.711, proto=subset)
       per_class: H88=1.00 H99=0.78 HRJ=1.00 HYZ=0.64 RJD=0.00 YJD=0.69
       radii:     H88=raw0.382/sph0.190 H99=raw0.282/sph0.191 HRJ=raw0.275/sph0.173 HRY=raw0.271/sph0.117 HYX=raw0.081/sph0.065 HYZ=raw0.323/sph0.183 RJD=raw0.229/sph0.185 YJD=raw0.549/sph0.390
       confusion (row=true, col=pred):
                H88   H99   HRJ   HRY   HYX   HYZ   RJD   YJD
          H88 [   21     0     0     0     0     0     0     0]
          H99 [    1     7     0     0     0     1     0     0]
          HRJ [    0     0     3     0     0     0     0     0]
          HRY [    0     0     0     0     0     0     0     0]
          HYX [    0     0     0     0     0     0     0     0]
          HYZ [   27     0     0     0     0    49     0     0]
          RJD [    5     0     0     0     0     0     0     6]
          YJD [    4     0     0     0     0     0     0     9]
  Epoch 41/100  supcon=1.388 cls=0.081 adv=3.366 proto=0.597 hardpair=0.012 total=2.088
  Epoch 42/100  supcon=1.399 cls=0.077 adv=3.369 proto=0.596 hardpair=0.016 total=2.097
  Epoch 43/100  supcon=1.349 cls=0.059 adv=3.361 proto=0.591 hardpair=0.012 total=2.031
  Epoch 44/100  supcon=1.390 cls=0.070 adv=3.368 proto=0.596 hardpair=0.011 total=2.083
  Epoch 45/100  supcon=1.371 cls=0.065 adv=3.367 proto=0.597 hardpair=0.014 total=2.062
  Epoch 46/100  supcon=1.391 cls=0.074 adv=3.368 proto=0.591 hardpair=0.011 total=2.081
  Epoch 47/100  supcon=1.346 cls=0.055 adv=3.366 proto=0.590 hardpair=0.012 total=2.026
  Epoch 48/100  supcon=1.395 cls=0.085 adv=3.355 proto=0.593 hardpair=0.015 total=2.093
  Epoch 49/100  supcon=1.324 cls=0.046 adv=3.355 proto=0.592 hardpair=0.011 total=2.001
  Epoch 50/100  supcon=1.380 cls=0.065 adv=3.369 proto=0.586 hardpair=0.010 total=2.060
    -> validating: build subset prototypes ...
    -> val_acc=0.669, train_pa=0.986, val_auroc=0.616, val_metric=0.700 (best=0.711, proto=subset)
       per_class: H88=1.00 H99=0.78 HRJ=1.00 HYZ=0.64 RJD=0.00 YJD=0.69
       radii:     H88=raw0.291/sph0.155 H99=raw0.253/sph0.184 HRJ=raw0.259/sph0.121 HRY=raw0.243/sph0.114 HYX=raw0.068/sph0.059 HYZ=raw0.345/sph0.215 RJD=raw0.260/sph0.200 YJD=raw0.474/sph0.326
       confusion (row=true, col=pred):
                H88   H99   HRJ   HRY   HYX   HYZ   RJD   YJD
          H88 [   21     0     0     0     0     0     0     0]
          H99 [    1     7     0     0     0     1     0     0]
          HRJ [    0     0     3     0     0     0     0     0]
          HRY [    0     0     0     0     0     0     0     0]
          HYX [    0     0     0     0     0     0     0     0]
          HYZ [   27     0     0     0     0    49     0     0]
          RJD [    5     0     0     0     0     0     0     6]
          YJD [    4     0     0     0     0     0     0     9]
  Epoch 51/100  supcon=1.356 cls=0.052 adv=3.358 proto=0.580 hardpair=0.009 total=2.023
  Epoch 52/100  supcon=1.351 cls=0.056 adv=3.362 proto=0.589 hardpair=0.012 total=2.029
  Epoch 53/100  supcon=1.328 cls=0.058 adv=3.369 proto=0.600 hardpair=0.013 total=2.018
  Epoch 54/100  supcon=1.344 cls=0.051 adv=3.360 proto=0.590 hardpair=0.008 total=2.020
  Epoch 55/100  supcon=1.354 cls=0.060 adv=3.368 proto=0.593 hardpair=0.012 total=2.038
  Epoch 56/100  supcon=1.339 cls=0.056 adv=3.366 proto=0.596 hardpair=0.012 total=2.024
  Epoch 57/100  supcon=1.408 cls=0.074 adv=3.367 proto=0.584 hardpair=0.011 total=2.091
  Epoch 58/100  supcon=1.333 cls=0.052 adv=3.376 proto=0.587 hardpair=0.008 total=2.007
  Epoch 59/100  supcon=1.332 cls=0.046 adv=3.373 proto=0.584 hardpair=0.008 total=1.999
  Epoch 60/100  supcon=1.311 cls=0.045 adv=3.364 proto=0.589 hardpair=0.008 total=1.982
    -> validating: build full prototypes ...
    -> val_acc=0.662, train_pa=0.989, val_auroc=0.789, val_metric=0.701 (best=0.711, proto=full)
       per_class: H88=1.00 H99=0.78 HRJ=1.00 HYZ=0.64 RJD=0.00 YJD=0.62
       radii:     H88=raw0.280/sph0.134 H99=raw0.234/sph0.205 HRJ=raw0.268/sph0.132 HRY=raw0.274/sph0.122 HYX=raw0.094/sph0.060 HYZ=raw0.335/sph0.211 RJD=raw0.239/sph0.233 YJD=raw0.382/sph0.256
       confusion (row=true, col=pred):
                H88   H99   HRJ   HRY   HYX   HYZ   RJD   YJD
          H88 [   21     0     0     0     0     0     0     0]
          H99 [    1     7     0     0     0     1     0     0]
          HRJ [    0     0     3     0     0     0     0     0]
          HRY [    0     0     0     0     0     0     0     0]
          HYX [    0     0     0     0     0     0     0     0]
          HYZ [   27     0     0     0     0    49     0     0]
          RJD [    5     0     0     0     0     0     0     6]
          YJD [    5     0     0     0     0     0     0     8]
  Epoch 61/100  supcon=1.341 cls=0.061 adv=3.368 proto=0.593 hardpair=0.009 total=2.025
  Epoch 62/100  supcon=1.296 cls=0.035 adv=3.372 proto=0.595 hardpair=0.010 total=1.970
  Epoch 63/100  supcon=1.301 cls=0.030 adv=3.372 proto=0.584 hardpair=0.005 total=1.961
  Epoch 64/100  supcon=1.314 cls=0.042 adv=3.376 proto=0.582 hardpair=0.007 total=1.976
  Epoch 65/100  supcon=1.313 cls=0.026 adv=3.373 proto=0.579 hardpair=0.004 total=1.964
  Epoch 66/100  supcon=1.335 cls=0.043 adv=3.371 proto=0.581 hardpair=0.007 total=1.996
  Epoch 67/100  supcon=1.334 cls=0.042 adv=3.368 proto=0.586 hardpair=0.008 total=2.000
  Epoch 68/100  supcon=1.310 cls=0.034 adv=3.371 proto=0.582 hardpair=0.006 total=1.969
  Epoch 69/100  supcon=1.298 cls=0.026 adv=3.362 proto=0.583 hardpair=0.005 total=1.953
  Epoch 70/100  supcon=1.348 cls=0.042 adv=3.371 proto=0.580 hardpair=0.006 total=2.009
    -> validating: build full prototypes ...
    -> val_acc=0.662, train_pa=0.996, val_auroc=0.920, val_metric=0.708 (best=0.711, proto=full)
       per_class: H88=1.00 H99=0.78 HRJ=1.00 HYZ=0.64 RJD=0.00 YJD=0.62
       radii:     H88=raw0.238/sph0.108 H99=raw0.236/sph0.154 HRJ=raw0.215/sph0.115 HRY=raw0.205/sph0.085 HYX=raw0.083/sph0.055 HYZ=raw0.263/sph0.142 RJD=raw0.275/sph0.229 YJD=raw0.260/sph0.152
       confusion (row=true, col=pred):
                H88   H99   HRJ   HRY   HYX   HYZ   RJD   YJD
          H88 [   21     0     0     0     0     0     0     0]
          H99 [    1     7     0     0     0     1     0     0]
          HRJ [    0     0     3     0     0     0     0     0]
          HRY [    0     0     0     0     0     0     0     0]
          HYX [    0     0     0     0     0     0     0     0]
          HYZ [   27     0     0     0     0    49     0     0]
          RJD [    5     0     0     0     0     0     0     6]
          YJD [    5     0     0     0     0     0     0     8]
  Epoch 71/100  supcon=1.303 cls=0.039 adv=3.373 proto=0.584 hardpair=0.007 total=1.967
  Epoch 72/100  supcon=1.310 cls=0.033 adv=3.370 proto=0.582 hardpair=0.006 total=1.967
  Epoch 73/100  supcon=1.285 cls=0.026 adv=3.362 proto=0.586 hardpair=0.006 total=1.945
  Epoch 74/100  supcon=1.330 cls=0.040 adv=3.360 proto=0.581 hardpair=0.007 total=1.991
  Epoch 75/100  supcon=1.308 cls=0.032 adv=3.378 proto=0.577 hardpair=0.005 total=1.960
  Epoch 76/100  supcon=1.270 cls=0.023 adv=3.375 proto=0.584 hardpair=0.004 total=1.925
  Epoch 77/100  supcon=1.253 cls=0.019 adv=3.373 proto=0.585 hardpair=0.005 total=1.907
  Epoch 78/100  supcon=1.300 cls=0.025 adv=3.379 proto=0.574 hardpair=0.005 total=1.945
  Epoch 79/100  supcon=1.296 cls=0.025 adv=3.378 proto=0.579 hardpair=0.004 total=1.947
  Epoch 80/100  supcon=1.307 cls=0.034 adv=3.374 proto=0.582 hardpair=0.006 total=1.965
    -> validating: build full prototypes ...
    -> val_acc=0.662, train_pa=0.995, val_auroc=0.885, val_metric=0.706 (best=0.711, proto=full)
       per_class: H88=1.00 H99=0.78 HRJ=1.00 HYZ=0.64 RJD=0.00 YJD=0.62
       radii:     H88=raw0.226/sph0.112 H99=raw0.197/sph0.151 HRJ=raw0.198/sph0.114 HRY=raw0.214/sph0.094 HYX=raw0.098/sph0.057 HYZ=raw0.275/sph0.156 RJD=raw0.130/sph0.132 YJD=raw0.310/sph0.177
       confusion (row=true, col=pred):
                H88   H99   HRJ   HRY   HYX   HYZ   RJD   YJD
          H88 [   21     0     0     0     0     0     0     0]
          H99 [    1     7     0     0     0     1     0     0]
          HRJ [    0     0     3     0     0     0     0     0]
          HRY [    0     0     0     0     0     0     0     0]
          HYX [    0     0     0     0     0     0     0     0]
          HYZ [   27     0     0     0     0    49     0     0]
          RJD [    5     0     0     0     0     0     0     6]
          YJD [    4     0     0     0     0     0     1     8]
  Epoch 81/100  supcon=1.303 cls=0.020 adv=3.372 proto=0.571 hardpair=0.005 total=1.943
  Epoch 82/100  supcon=1.298 cls=0.030 adv=3.378 proto=0.576 hardpair=0.004 total=1.948
  Epoch 83/100  supcon=1.319 cls=0.030 adv=3.368 proto=0.575 hardpair=0.004 total=1.969
  Epoch 84/100  supcon=1.297 cls=0.040 adv=3.363 proto=0.580 hardpair=0.004 total=1.956
  Epoch 85/100  supcon=1.302 cls=0.031 adv=3.373 proto=0.575 hardpair=0.004 total=1.951
  Epoch 86/100  supcon=1.304 cls=0.031 adv=3.373 proto=0.579 hardpair=0.005 total=1.958
  Epoch 87/100  supcon=1.309 cls=0.025 adv=3.367 proto=0.575 hardpair=0.005 total=1.955
  Epoch 88/100  supcon=1.303 cls=0.023 adv=3.368 proto=0.570 hardpair=0.004 total=1.944
  Epoch 89/100  supcon=1.317 cls=0.030 adv=3.374 proto=0.564 hardpair=0.004 total=1.955
  Epoch 90/100  supcon=1.282 cls=0.020 adv=3.368 proto=0.573 hardpair=0.006 total=1.925
    -> validating: build full prototypes ...
    -> val_acc=0.662, train_pa=0.997, val_auroc=0.919, val_metric=0.708 (best=0.711, proto=full)
       per_class: H88=1.00 H99=0.78 HRJ=1.00 HYZ=0.64 RJD=0.00 YJD=0.62
       radii:     H88=raw0.222/sph0.107 H99=raw0.193/sph0.157 HRJ=raw0.174/sph0.113 HRY=raw0.178/sph0.080 HYX=raw0.079/sph0.052 HYZ=raw0.236/sph0.121 RJD=raw0.141/sph0.133 YJD=raw0.260/sph0.160
       confusion (row=true, col=pred):
                H88   H99   HRJ   HRY   HYX   HYZ   RJD   YJD
          H88 [   21     0     0     0     0     0     0     0]
          H99 [    1     7     0     0     0     1     0     0]
          HRJ [    0     0     3     0     0     0     0     0]
          HRY [    0     0     0     0     0     0     0     0]
          HYX [    0     0     0     0     0     0     0     0]
          HYZ [   27     0     0     0     0    49     0     0]
          RJD [    5     0     0     0     0     0     0     6]
          YJD [    4     0     0     0     0     0     1     8]
  Epoch 91/100  supcon=1.311 cls=0.034 adv=3.370 proto=0.570 hardpair=0.006 total=1.957
  Epoch 92/100  supcon=1.285 cls=0.023 adv=3.381 proto=0.570 hardpair=0.003 total=1.925
  Epoch 93/100  supcon=1.283 cls=0.035 adv=3.370 proto=0.588 hardpair=0.005 total=1.948
  Epoch 94/100  supcon=1.267 cls=0.021 adv=3.376 proto=0.579 hardpair=0.005 total=1.915
  Epoch 95/100  supcon=1.280 cls=0.021 adv=3.364 proto=0.578 hardpair=0.005 total=1.927
  Epoch 96/100  supcon=1.290 cls=0.024 adv=3.383 proto=0.570 hardpair=0.003 total=1.931
  Epoch 97/100  supcon=1.320 cls=0.028 adv=3.365 proto=0.567 hardpair=0.004 total=1.959
  Epoch 98/100  supcon=1.308 cls=0.031 adv=3.373 proto=0.571 hardpair=0.005 total=1.952
  Epoch 99/100  supcon=1.281 cls=0.024 adv=3.372 proto=0.582 hardpair=0.006 total=1.934
  Epoch 100/100  supcon=1.296 cls=0.027 adv=3.378 proto=0.574 hardpair=0.003 total=1.942
    -> validating: build full prototypes ...
    -> val_acc=0.662, train_pa=0.996, val_auroc=0.930, val_metric=0.708 (best=0.711, proto=full)
       per_class: H88=1.00 H99=0.78 HRJ=1.00 HYZ=0.64 RJD=0.00 YJD=0.62
       radii:     H88=raw0.247/sph0.121 H99=raw0.183/sph0.155 HRJ=raw0.204/sph0.109 HRY=raw0.213/sph0.088 HYX=raw0.096/sph0.058 HYZ=raw0.270/sph0.140 RJD=raw0.128/sph0.139 YJD=raw0.256/sph0.155
       confusion (row=true, col=pred):
                H88   H99   HRJ   HRY   HYX   HYZ   RJD   YJD
          H88 [   21     0     0     0     0     0     0     0]
          H99 [    1     7     0     0     0     1     0     0]
          HRJ [    0     0     3     0     0     0     0     0]
          HRY [    0     0     0     0     0     0     0     0]
          HYX [    0     0     0     0     0     0     0     0]
          HYZ [   27     0     0     0     0    49     0     0]
          RJD [    5     0     0     0     0     0     0     6]
          YJD [    4     0     0     0     0     0     1     8]
原型库: 8 个产品 (球面调整已启用)
  H88: radius=0.3583, proto_norm=0.9720, sph_norm=1.0000
  H99: radius=0.3702, proto_norm=0.9746, sph_norm=1.0000
  HRJ: radius=0.3077, proto_norm=0.9831, sph_norm=1.0000
  HRY: radius=0.3062, proto_norm=0.9825, sph_norm=1.0000
  HYX: radius=0.1963, proto_norm=0.9955, sph_norm=1.0000
  HYZ: radius=0.5269, proto_norm=0.9642, sph_norm=1.0000
  RJD: radius=0.2537, proto_norm=0.9893, sph_norm=1.0000
  YJD: radius=0.6269, proto_norm=0.9551, sph_norm=1.0000

模型已保存到 /home/ubuntu/sunlong/gcms_consistency_old/new_outputs/run_20260706_123832/final_model
  最佳验证准确率: 0.6842
