  [Split] 按当前配置刷新 split.json

============================================================
数据划分摘要
============================================================
  已知产品 (8): ['H88', 'H99', 'HRJ', 'HRY', 'HYX', 'HYZ', 'RJD', 'YJD']
  留出产品 (2): ['HMD', 'XCJ']  → Setting B/C
  排除产品 (3): ['HDC', 'HRL', 'HV8']  (样本不足)
  训练批次 (28): ['20240304', '20240308', '20240312', '20240319', '20240325', '20240403', '20250310', '20250317', '20250326', '20250331', '20250411', '20250417', '20250423', '20250516', '20250519', '20250527', '20250606', '20250619', '20250624', '20250724', '20250808', '20250815', '20250821', '20250828', '20250926', '20260302', '20260306', '20260313']
  伪验证批次 (2): ['20250828', '20250926']  → 训练早停选模
  实训批次 (26): ['20240304', '20240308', '20240312', '20240319', '20240325', '20240403', '20250310', '20250317', '20250326', '20250331', '20250411', '20250417', '20250423', '20250516', '20250519', '20250527', '20250606', '20250619', '20250624', '20250724', '20250808', '20250815', '20250821', '20260302', '20260306', '20260313']
  留出批次 (3): ['20250905', '20250912', '20250920']  → Setting A

  训练集:
    产品数量: 8
    批次数量: 26
    产品分布: {'HYZ': 710, 'H88': 489, 'YJD': 312, 'H99': 253, 'HRJ': 206, 'HRY': 135, 'RJD': 41, 'HYX': 22}
    批次分布: {20250724: 342, 20260306: 169, 20250808: 136, 20260302: 107, 20250310: 100, 20250417: 98, 20240308: 96, 20250606: 94, 20250516: 90, 20250619: 88, 20250821: 84, 20250519: 81, 20240312: 79, 20250411: 78, 20240319: 76, 20250815: 66, 20250317: 65, 20250326: 59, 20250624: 58, 20240325: 44, 20240304: 42, 20260313: 38, 20250527: 36, 20250331: 20, 20250423: 12, 20240403: 10}

  验证集:
    产品数量: 6
    批次数量: 2
    产品分布: {'HYZ': 76, 'H88': 21, 'YJD': 13, 'RJD': 11, 'H99': 9, 'HRJ': 3}
    批次分布: {20250828: 94, 20250926: 39}

  Setting A 测试集:
    产品数量: 7
    批次数量: 3
    产品分布: {'HYZ': 177, 'H88': 63, 'RJD': 35, 'YJD': 31, 'H99': 27, 'HRY': 2, 'HYX': 1}
    批次分布: {20250920: 134, 20250905: 133, 20250912: 69}

  Setting B/C 测试集:
    产品数量: 2
    批次数量: 19
    产品分布: {'HMD': 68, 'XCJ': 65}
    批次分布: {20240325: 22, 20250724: 17, 20250905: 15, 20250920: 14, 20250808: 13, 20240319: 10, 20250828: 8, 20250821: 6, 20250912: 5, 20250926: 4, 20250624: 3, 20250527: 3, 20250417: 3, 20250606: 2, 20250619: 2, 20250516: 2, 20250326: 2, 20250815: 1, 20260313: 1}

  训练集: 2168 样本
  验证集: 133 样本  (训练监控)
  Setting A 测试: 336 样本  (已知产品 × 留出批次)
  Setting B/C 测试: 133 样本  (留出产品 × 全部批次)
  排除样本: 34 (产品样本不足)
  总计: 2804

============================================================
训练单一模型, device = cuda
============================================================
  已知产品: ['H88', 'H99', 'HRJ', 'HRY', 'HYX', 'HYZ', 'RJD', 'YJD']
  留出产品: ['HMD', 'XCJ']  (Setting B/C)
  留出批次: ['20250905', '20250912', '20250920']  (Setting A)
  伪验证批次: ['20250828', '20250926'] (训练早停选模)
  [Input PCA] 检测到 prepared_data 已预先分解, 直接使用落盘 tensor (rt_bins=1024, n_components=239)
  训练: 2168 样本, 验证: 133 样本
  产品数: 8, 批次数: 28
  DataLoader: workers=8, pin_memory=True, prefetch_factor=4
  Epoch 1/100  supcon=3.411 cls=2.009 adv=3.348 proto=0.868 hardpair=0.160 total=5.382
  Epoch 2/100  supcon=3.336 cls=1.879 adv=3.363 proto=0.833 hardpair=0.167 total=5.200
  Epoch 3/100  supcon=3.269 cls=1.725 adv=3.357 proto=0.826 hardpair=0.146 total=5.044
  Epoch 4/100  supcon=3.083 cls=1.429 adv=3.354 proto=0.771 hardpair=0.147 total=4.653
  Epoch 5/100  supcon=2.773 cls=1.140 adv=3.349 proto=0.698 hardpair=0.155 total=4.124
